[INFO] Scanning for projects...
[WARNING] 
[WARNING] Some problems were encountered while building the effective model for com.rithwik:kanban:jar:0.0.1-SNAPSHOT
[WARNING] 'dependencies.dependency.(groupId:artifactId:type:classifier)' must be unique: org.springframework.boot:spring-boot-starter-security:jar -> duplicate declaration of version (?) @ line 70, column 15
[WARNING] 'dependencies.dependency.(groupId:artifactId:type:classifier)' must be unique: org.springframework.boot:spring-boot-starter-websocket:jar -> duplicate declaration of version (?) @ line 82, column 15
[WARNING] 
[WARNING] It is highly recommended to fix these problems because they threaten the stability of your build.
[WARNING] 
[WARNING] For this reason, future Maven versions might no longer support building such malformed projects.
[WARNING] 
[INFO] 
[INFO] -------------------------< com.rithwik:kanban >-------------------------
[INFO] Building kanban 0.0.1-SNAPSHOT
[INFO]   from pom.xml
[INFO] --------------------------------[ jar ]---------------------------------
[INFO] 
[INFO] --- resources:3.3.1:resources (default-resources) @ kanban ---
[INFO] Copying 1 resource from src\main\resources to target\classes
[INFO] Copying 0 resource from src\main\resources to target\classes
[INFO] 
[INFO] --- compiler:3.14.1:compile (default-compile) @ kanban ---
[INFO] Recompiling the module because of changed source code.
[INFO] Compiling 72 source files with javac [debug parameters release 17] to target\classes
[INFO] -------------------------------------------------------------
[ERROR] COMPILATION ERROR : 
[INFO] -------------------------------------------------------------
[ERROR] /C:/Users/chint/OneDrive/Desktop/Spring/Kanban-App/kanban/src/main/java/com/rithwik/kanban/service/impl/TaskServiceImpl.java:[222,30] cannot find symbol
  symbol:   method currentUserName()
  location: class com.rithwik.kanban.service.impl.TaskServiceImpl
[ERROR] /C:/Users/chint/OneDrive/Desktop/Spring/Kanban-App/kanban/src/main/java/com/rithwik/kanban/service/impl/TaskServiceImpl.java:[224,9] method broadcast in class com.rithwik.kanban.service.impl.TaskServiceImpl cannot be applied to given types;
  required: java.lang.Long,com.rithwik.kanban.dtos.websocket.KanbanEvent,java.lang.String
  found:    java.lang.Long,com.rithwik.kanban.dtos.websocket.KanbanEvent
  reason: actual and formal argument lists differ in length
[ERROR] /C:/Users/chint/OneDrive/Desktop/Spring/Kanban-App/kanban/src/main/java/com/rithwik/kanban/service/impl/TaskServiceImpl.java:[250,30] cannot find symbol
  symbol:   method currentUserName()
  location: class com.rithwik.kanban.service.impl.TaskServiceImpl
[ERROR] /C:/Users/chint/OneDrive/Desktop/Spring/Kanban-App/kanban/src/main/java/com/rithwik/kanban/service/impl/TaskServiceImpl.java:[252,9] method broadcast in class com.rithwik.kanban.service.impl.TaskServiceImpl cannot be applied to given types;
  required: java.lang.Long,com.rithwik.kanban.dtos.websocket.KanbanEvent,java.lang.String
  found:    java.lang.Long,com.rithwik.kanban.dtos.websocket.KanbanEvent
  reason: actual and formal argument lists differ in length
[INFO] 4 errors 
[INFO] -------------------------------------------------------------
[INFO] ------------------------------------------------------------------------
[INFO] BUILD FAILURE
[INFO] ------------------------------------------------------------------------
[INFO] Total time:  4.328 s
[INFO] Finished at: 2026-03-28T19:21:15+05:30
[INFO] ------------------------------------------------------------------------
[ERROR] Failed to execute goal org.apache.maven.plugins:maven-compiler-plugin:3.14.1:compile (default-compile) on project kanban: Compilation failure: Compilation failure: 
[ERROR] /C:/Users/chint/OneDrive/Desktop/Spring/Kanban-App/kanban/src/main/java/com/rithwik/kanban/service/impl/TaskServiceImpl.java:[222,30] cannot find symbol
[ERROR]   symbol:   method currentUserName()
[ERROR]   location: class com.rithwik.kanban.service.impl.TaskServiceImpl
[ERROR] /C:/Users/chint/OneDrive/Desktop/Spring/Kanban-App/kanban/src/main/java/com/rithwik/kanban/service/impl/TaskServiceImpl.java:[224,9] method broadcast in class com.rithwik.kanban.service.impl.TaskServiceImpl cannot be applied to given types;
[ERROR]   required: java.lang.Long,com.rithwik.kanban.dtos.websocket.KanbanEvent,java.lang.String
[ERROR]   found:    java.lang.Long,com.rithwik.kanban.dtos.websocket.KanbanEvent
[ERROR]   reason: actual and formal argument lists differ in length
[ERROR] /C:/Users/chint/OneDrive/Desktop/Spring/Kanban-App/kanban/src/main/java/com/rithwik/kanban/service/impl/TaskServiceImpl.java:[250,30] cannot find symbol
[ERROR]   symbol:   method currentUserName()
[ERROR]   location: class com.rithwik.kanban.service.impl.TaskServiceImpl
[ERROR] /C:/Users/chint/OneDrive/Desktop/Spring/Kanban-App/kanban/src/main/java/com/rithwik/kanban/service/impl/TaskServiceImpl.java:[252,9] method broadcast in class com.rithwik.kanban.service.impl.TaskServiceImpl cannot be applied to given types;
[ERROR]   required: java.lang.Long,com.rithwik.kanban.dtos.websocket.KanbanEvent,java.lang.String
[ERROR]   found:    java.lang.Long,com.rithwik.kanban.dtos.websocket.KanbanEvent
[ERROR]   reason: actual and formal argument lists differ in length
[ERROR] -> [Help 1]
[ERROR] 
[ERROR] To see the full stack trace of the errors, re-run Maven with the -e switch.
[ERROR] Re-run Maven using the -X switch to enable full debug logging.
[ERROR] 
[ERROR] For more information about the errors and possible solutions, please read the following articles:
[ERROR] [Help 1] http://cwiki.apache.org/confluence/display/MAVEN/MojoFailureException
